------------------------------------------------------------
TimeQuest Timing Analyzer Summary
------------------------------------------------------------

Type  : Slow 1200mV 85C Model Setup 'clk_25MHz~reg0'
Slack : -2.094
TNS   : -87.368

Type  : Slow 1200mV 85C Model Setup 'clk_50MHz'
Slack : -0.647
TNS   : -0.647

Type  : Slow 1200mV 85C Model Hold 'clk_25MHz~reg0'
Slack : 0.403
TNS   : 0.000

Type  : Slow 1200mV 85C Model Hold 'clk_50MHz'
Slack : 0.623
TNS   : 0.000

Type  : Slow 1200mV 85C Model Minimum Pulse Width 'clk_50MHz'
Slack : -3.000
TNS   : -4.285

Type  : Slow 1200mV 85C Model Minimum Pulse Width 'clk_25MHz~reg0'
Slack : -1.285
TNS   : -97.660

Type  : Slow 1200mV 0C Model Setup 'clk_25MHz~reg0'
Slack : -1.846
TNS   : -72.814

Type  : Slow 1200mV 0C Model Setup 'clk_50MHz'
Slack : -0.518
TNS   : -0.518

Type  : Slow 1200mV 0C Model Hold 'clk_25MHz~reg0'
Slack : 0.354
TNS   : 0.000

Type  : Slow 1200mV 0C Model Hold 'clk_50MHz'
Slack : 0.540
TNS   : 0.000

Type  : Slow 1200mV 0C Model Minimum Pulse Width 'clk_50MHz'
Slack : -3.000
TNS   : -4.285

Type  : Slow 1200mV 0C Model Minimum Pulse Width 'clk_25MHz~reg0'
Slack : -1.285
TNS   : -97.660

Type  : Fast 1200mV 0C Model Setup 'clk_25MHz~reg0'
Slack : -0.532
TNS   : -12.184

Type  : Fast 1200mV 0C Model Setup 'clk_50MHz'
Slack : -0.018
TNS   : -0.018

Type  : Fast 1200mV 0C Model Hold 'clk_25MHz~reg0'
Slack : 0.182
TNS   : 0.000

Type  : Fast 1200mV 0C Model Hold 'clk_50MHz'
Slack : 0.249
TNS   : 0.000

Type  : Fast 1200mV 0C Model Minimum Pulse Width 'clk_50MHz'
Slack : -3.000
TNS   : -4.043

Type  : Fast 1200mV 0C Model Minimum Pulse Width 'clk_25MHz~reg0'
Slack : -1.000
TNS   : -76.000

------------------------------------------------------------
